diff --git a/wip.txt b/wip.txt
--- /dev/null
+++ b/wip.txt
@@ -0,0 +1 @@
+wip